  draw_point.cpp
C:\PROJECTS\GraphicsProgramming\include\sb7.h(1,1): warning C4819: 현재 코드 페이지(949)에서 표시할 수 없는 문자가 파일에 들어 있습니다. 데이터가 손실되지 않게 하려면 해당 파일을 유니코드 형식으로 저장하십시오.
  (compiling source file 'exmaples/draw_point.cpp')
  
  _myApp_.cpp
  코드를 생성하고 있습니다...
glfw3_d.lib(init.obj) : warning LNK4099: 'glfw3.pdb' PDB를 'glfw3_d.lib(init.obj)' 또는 'C:\PROJECTS\GraphicsProgramming\x64\Debug\glfw3.pdb'에서 찾을 수 없습니다. 디버그 정보가 없는 것처럼 개체를 링크합니다.
glfw3_d.lib(monitor.obj) : warning LNK4099: 'glfw3.pdb' PDB를 'glfw3_d.lib(monitor.obj)' 또는 'C:\PROJECTS\GraphicsProgramming\x64\Debug\glfw3.pdb'에서 찾을 수 없습니다. 디버그 정보가 없는 것처럼 개체를 링크합니다.
glfw3_d.lib(window.obj) : warning LNK4099: 'glfw3.pdb' PDB를 'glfw3_d.lib(window.obj)' 또는 'C:\PROJECTS\GraphicsProgramming\x64\Debug\glfw3.pdb'에서 찾을 수 없습니다. 디버그 정보가 없는 것처럼 개체를 링크합니다.
glfw3_d.lib(input.obj) : warning LNK4099: 'glfw3.pdb' PDB를 'glfw3_d.lib(input.obj)' 또는 'C:\PROJECTS\GraphicsProgramming\x64\Debug\glfw3.pdb'에서 찾을 수 없습니다. 디버그 정보가 없는 것처럼 개체를 링크합니다.
glfw3_d.lib(time.obj) : warning LNK4099: 'glfw3.pdb' PDB를 'glfw3_d.lib(time.obj)' 또는 'C:\PROJECTS\GraphicsProgramming\x64\Debug\glfw3.pdb'에서 찾을 수 없습니다. 디버그 정보가 없는 것처럼 개체를 링크합니다.
glfw3_d.lib(context.obj) : warning LNK4099: 'glfw3.pdb' PDB를 'glfw3_d.lib(context.obj)' 또는 'C:\PROJECTS\GraphicsProgramming\x64\Debug\glfw3.pdb'에서 찾을 수 없습니다. 디버그 정보가 없는 것처럼 개체를 링크합니다.
glfw3_d.lib(win32_init.obj) : warning LNK4099: 'glfw3.pdb' PDB를 'glfw3_d.lib(win32_init.obj)' 또는 'C:\PROJECTS\GraphicsProgramming\x64\Debug\glfw3.pdb'에서 찾을 수 없습니다. 디버그 정보가 없는 것처럼 개체를 링크합니다.
glfw3_d.lib(win32_monitor.obj) : warning LNK4099: 'glfw3.pdb' PDB를 'glfw3_d.lib(win32_monitor.obj)' 또는 'C:\PROJECTS\GraphicsProgramming\x64\Debug\glfw3.pdb'에서 찾을 수 없습니다. 디버그 정보가 없는 것처럼 개체를 링크합니다.
glfw3_d.lib(win32_gamma.obj) : warning LNK4099: 'glfw3.pdb' PDB를 'glfw3_d.lib(win32_gamma.obj)' 또는 'C:\PROJECTS\GraphicsProgramming\x64\Debug\glfw3.pdb'에서 찾을 수 없습니다. 디버그 정보가 없는 것처럼 개체를 링크합니다.
glfw3_d.lib(gamma.obj) : warning LNK4099: 'glfw3.pdb' PDB를 'glfw3_d.lib(gamma.obj)' 또는 'C:\PROJECTS\GraphicsProgramming\x64\Debug\glfw3.pdb'에서 찾을 수 없습니다. 디버그 정보가 없는 것처럼 개체를 링크합니다.
glfw3_d.lib(win32_window.obj) : warning LNK4099: 'glfw3.pdb' PDB를 'glfw3_d.lib(win32_window.obj)' 또는 'C:\PROJECTS\GraphicsProgramming\x64\Debug\glfw3.pdb'에서 찾을 수 없습니다. 디버그 정보가 없는 것처럼 개체를 링크합니다.
glfw3_d.lib(wgl_context.obj) : warning LNK4099: 'glfw3.pdb' PDB를 'glfw3_d.lib(wgl_context.obj)' 또는 'C:\PROJECTS\GraphicsProgramming\x64\Debug\glfw3.pdb'에서 찾을 수 없습니다. 디버그 정보가 없는 것처럼 개체를 링크합니다.
glfw3_d.lib(win32_time.obj) : warning LNK4099: 'glfw3.pdb' PDB를 'glfw3_d.lib(win32_time.obj)' 또는 'C:\PROJECTS\GraphicsProgramming\x64\Debug\glfw3.pdb'에서 찾을 수 없습니다. 디버그 정보가 없는 것처럼 개체를 링크합니다.
glfw3_d.lib(win32_joystick.obj) : warning LNK4099: 'glfw3.pdb' PDB를 'glfw3_d.lib(win32_joystick.obj)' 또는 'C:\PROJECTS\GraphicsProgramming\x64\Debug\glfw3.pdb'에서 찾을 수 없습니다. 디버그 정보가 없는 것처럼 개체를 링크합니다.
  GraphicsProgramming.vcxproj -> C:\PROJECTS\GraphicsProgramming\x64\Debug\GraphicsProgramming.exe
